<html>
<body>
<pre>
<h1>µVision Build Log</h1>
<h2>Tool Versions:</h2>
IDE-Version: µVision V5.38.0.0
Copyright (C) 2022 ARM Ltd and ARM Germany GmbH. All rights reserved.
License Information: no_first_name no_last_name, no_company, LIC=AK1BF-6GHG0-D3FM3-A9RWF-6WJZH-8G282
 
Tool Versions:
Toolchain:       MDK-ARM Professional  Version: 5.38.0.0
Toolchain Path:  C:\Keil\ARM\ARMCLANG\Bin
C Compiler:      ArmClang.exe V6.19
Assembler:       Armasm.exe V6.19
Linker/Locator:  ArmLink.exe V6.19
Library Manager: ArmAr.exe V6.19
Hex Converter:   FromElf.exe V6.19
CPU DLL:         SARMCM3.DLL V5.38.0.0
Dialog DLL:      DCM.DLL V1.17.5.0
Target DLL:      STLink\ST-LINKIII-KEIL_SWO.dll V3.1.0.0
Dialog DLL:      TCM.DLL V1.56.4.0
 
<h2>Project:</h2>
C:\ProjektiOtvoreni\ic_uni\IC\MDK-ARM\IC.uvprojx
Project File Date:  09/03/2025

<h2>Output:</h2>
*** Using Compiler 'V6.19', folder: 'C:\Keil\ARM\ARMCLANG\Bin'
Rebuild target 'IC'
Before Build - User command #1: Run\fwbuild.bat
C:\ProjektiOtvoreni\ic_uni\IC\MDK-ARM>for /F "tokens=1,2,3,4 delims=/ " %a in ("sri 03. 09. 2025.") do set wday=%a  & set day=%b  & set month=%c  & set year=%d 
C:\ProjektiOtvoreni\ic_uni\IC\MDK-ARM>set wday=sri  & set day=03.  & set month=09.  & set year=2025. 
C:\ProjektiOtvoreni\ic_uni\IC\MDK-ARM>for /F "tokens=1,2,3 delims=:" %a in ("17:43:56,59") do set hour=%a  & set minute=%b  & set seconds=%c 
C:\ProjektiOtvoreni\ic_uni\IC\MDK-ARM>set hour=17  & set minute=43  & set seconds=56,59 
C:\ProjektiOtvoreni\ic_uni\IC\MDK-ARM>(
echo #define FW_DATE                                	0x00250903  
 echo #define FW_TIME                        			0x00174356  
) 1>"..\..\Common\fwbuild.h" 
C:\ProjektiOtvoreni\ic_uni\IC\MDK-ARM>cscript ..\..\Common\fwbuild.vbs 
Microsoft (R) Windows Script Host Version 10.0
Copyright (C) Microsoft Corporation. All rights reserved.
C:\ProjektiOtvoreni\ic_uni\IC\MDK-ARM>..\..\Common\incbild.exe "..\..\Common\common.h" 
compiling next.c...
compiling mobilePhone.c...
compiling SijalicaOn.c...
compiling previous.c...
compiling clean.c...
compiling SijalicaOff.c...
compiling blindMedium.c...
compiling Termometar.c...
compiling ventilator_on.c...
compiling wifi.c...
compiling alHamliQR.c...
compiling engflag.c...
compiling ventilator_off.c...
compiling baflag.c...
compiling colorSpectrum.c...
compiling defrosterico.c...
compiling blackWhiteGradient.c...
compiling defrosterOn.c...
compiling icons_lights_ceiling_led_fixture_off.c...
compiling icons_lights_ceiling_led_fixture_on.c...
compiling icons_lights_chandelier_off.c...
compiling icons_lights_chandelier_on.c...
compiling icons_lights_hanging_off.c...
compiling icons_lights_hanging_on.c...
compiling icons_lights_led_off.c...
compiling icons_lights_led_on.c...
compiling icons_lights_spot_console_off.c...
compiling icons_lights_spot_console_on.c...
compiling icons_lights_spot_single_off.c...
compiling icons_lights_spot_single_on.c...
compiling icons_lights_stairs_off.c...
compiling icons_lights_wall_off.c...
compiling icons_lights_stairs_on.c...
compiling icons_lights_wall_on.c...
compiling icons_settings.c...
compiling ft5336.c...
compiling stm32746g_ts.c...
compiling system_stm32f7xx.c...
compiling stm32746g.c...
compiling Verdana20.c...
compiling stm32746g_sdram.c...
compiling stm32f7xx_hal.c...
compiling stm32f7xx_hal_cortex.c...
compiling stm32746g_eeprom.c...
compiling stm32f7xx_hal_dsi.c...
compiling stm32f7xx_hal_adc.c...
compiling stm32746g_qspi.c...
compiling stm32f7xx_hal_adc_ex.c...
compiling stm32f7xx_hal_dma.c...
compiling stm32f7xx_hal_flash.c...
compiling stm32f7xx_hal_flash_ex.c...
compiling stm32f7xx_hal_gpio.c...
compiling stm32f7xx_hal_i2c_ex.c...
compiling stm32f7xx_hal_ltdc_ex.c...
compiling stm32f7xx_hal_pwr.c...
compiling stm32f7xx_hal_ltdc.c...
compiling stm32f7xx_hal_pwr_ex.c...
compiling stm32f7xx_hal_rcc.c...
compiling stm32f7xx_hal_rcc_ex.c...
compiling Verdana32.c...
compiling stm32f7xx_hal_sdram.c...
compiling stm32f7xx_hal_i2c.c...
compiling stm32f7xx_hal_rtc.c...
compiling stm32f7xx_hal_rtc_ex.c...
compiling stm32f7xx_hal_uart.c...
compiling stm32f7xx_ll_fmc.c...
compiling stm32f7xx_hal_tim_ex.c...
compiling stm32f7xx_hal_dma2d.c...
compiling stm32f7xx_hal_crc.c...
compiling stm32f7xx_hal_crc_ex.c...
compiling stm32f7xx_hal_tim.c...
compiling stm32f7xx_hal_usart.c...
compiling stm32f7xx_hal_sai.c...
compiling stm32f7xx_hal_i2s.c...
compiling GUIConf.c...
compiling stm32f7xx_hal_iwdg.c...
compiling stm32f7xx_hal_qspi.c...
compiling GUI_X.c...
compiling compress.c...
compiling adler32.c...
compiling crc32.c...
compiling GUI_PNG.c...
compiling IMAGE_PNG.c...
compiling inffast.c...
compiling inftrees.c...
compiling stm32f7xx_hal_spi.c...
compiling LCDConf.c...
compiling infback.c...
compiling deflate.c...
compiling pngerror.c...
compiling pngmem.c...
compiling pngrio.c...
compiling pngget.c...
compiling pngpread.c...
compiling pngwio.c...
compiling pngwrite.c...
compiling pngwtran.c...
compiling pngwutil.c...
compiling pngtrans.c...
assembling startup_stm32f746xx.s...
compiling pngset.c...
compiling png.c...
compiling uncompr.c...
compiling zutil.c...
compiling pngread.c...
compiling trees.c...
compiling inflate.c...
compiling pngrutil.c...
compiling pngrtran.c...
assembling incl_gui_bmp.s...
compiling stm32f7xx_it.c...
compiling thermostat.c...
compiling lights.c...
compiling rs485.c...
compiling common.c...
compiling TinyFrame.c...
compiling defroster.c...
compiling curtain.c...
compiling ventilator.c...
compiling firmware_update_agent.c...
compiling main.c...
compiling display.c...
linking...
Program Size: Code=209920 RO-data=1516768 RW-data=2103600 ZI-data=166928  
FromELF: creating hex file...
After Build - User command #1: C:\Keil\ARM\ARMCC\bin\fromelf.exe --bin --output=Out Exe\ic.axf
After Build - User command #2: Run\ic.bat
".\Exe\ic.axf" - 0 Error(s), 0 Warning(s).

<h2>Software Packages used:</h2>

Package Vendor: ARM
                http://www.keil.com/pack/ARM.CMSIS.5.9.0.pack
                ARM.CMSIS.5.9.0
                CMSIS (Common Microcontroller Software Interface Standard)
   * Component: CORE Version: 5.6.0

Package Vendor: Keil
                https://www.keil.com/pack/Keil.STM32F7xx_DFP.3.0.0.pack
                Keil.STM32F7xx_DFP.3.0.0
                STMicroelectronics STM32F7 Series Device Support

<h2>Collection of Component include folders:</h2>
  ./RTE/_IC
  C:/Repo/Packs/ARM/CMSIS/5.9.0/CMSIS/Core/Include

<h2>Collection of Component Files used:</h2>

   * Component: ARM::CMSIS:CORE:5.6.0
Build Time Elapsed:  00:00:06
</pre>
</body>
</html>
