<html>
<body>
<pre>
<h1>µVision Build Log</h1>
<h2>Tool Versions:</h2>
IDE-Version: µVision V5.29.0.0
Copyright (C) 2019 ARM Ltd and ARM Germany GmbH. All rights reserved.
License Information: no_first_name no_last_name, no_company, LIC=UJWGK-ZY831-LPPZV-PPGVQ-82HW3-C6LMS
 
Tool Versions:
Toolchain:       MDK-ARM Plus  Version: 5.30.0.0
Toolchain Path:  C:\Keil\ARM\ARMCLANG\Bin
C Compiler:      ArmClang.exe V6.14
Assembler:       Armasm.exe V6.14
Linker/Locator:  ArmLink.exe V6.14
Library Manager: ArmAr.exe V6.14
Hex Converter:   FromElf.exe V6.14
CPU DLL:         SARMCM3.DLL V5.30.0.0
Dialog DLL:      DCM.DLL V1.17.3.0
Target DLL:      STLink\ST-LINKIII-KEIL_SWO.dll V3.0.7.0
Dialog DLL:      TCM.DLL V1.42.0.0
 
<h2>Project:</h2>
C:\Users\Nermin\Desktop\Dzevad\fw\ic_uni\IC\MDK-ARM\IC.uvprojx
Project File Date:  02/18/2025

<h2>Output:</h2>
*** Using Compiler 'V6.14', folder: 'C:\Keil\ARM\ARMCLANG\Bin'
Build target 'IC'
Before Build - User command #1: Run\fwbuild.bat
C:\Users\Nermin\Desktop\Dzevad\fw\ic_uni\IC\MDK-ARM>for /F "tokens=1,2,3,4 delims=/ " %a in ("Fri 02/21/2025") do set wday=%a  & set day=%b  & set month=%c  & set year=%d 
C:\Users\Nermin\Desktop\Dzevad\fw\ic_uni\IC\MDK-ARM>set wday=Fri  & set day=02  & set month=21  & set year=2025 
C:\Users\Nermin\Desktop\Dzevad\fw\ic_uni\IC\MDK-ARM>for /F "tokens=1,2,3 delims=:" %a in ("14:20:00.84") do set hour=%a  & set minute=%b  & set seconds=%c 
C:\Users\Nermin\Desktop\Dzevad\fw\ic_uni\IC\MDK-ARM>set hour=14  & set minute=20  & set seconds=00.84 
C:\Users\Nermin\Desktop\Dzevad\fw\ic_uni\IC\MDK-ARM>(
echo #define FW_DATE                                	0x00252102  
 echo #define FW_TIME                        			0x00142000  
) 1>"..\..\Common\fwbuild.h" 
C:\Users\Nermin\Desktop\Dzevad\fw\ic_uni\IC\MDK-ARM>cscript ..\..\Common\fwbuild.vbs 
Microsoft (R) Windows Script Host Version 5.812
Copyright (C) Microsoft Corporation. All rights reserved.
C:\Users\Nermin\Desktop\Dzevad\fw\ic_uni\IC\MDK-ARM>..\..\Common\incbild.exe "..\..\Common\common.h" 
compiling stm32746g.c...
compiling stm32746g_eeprom.c...
compiling system_stm32f7xx.c...
compiling stm32f7xx_it.c...
compiling stm32746g_qspi.c...
compiling thermostat.c...
compiling LCDConf.c...
compiling TinyFrame.c...
compiling common.c...
compiling ventilator.c...
compiling curtain.c...
compiling main.c...
compiling rs485.c...
compiling lights.c...
compiling defroster.c...
compiling display.c...
linking...
Program Size: Code=217512 RO-data=851408 RW-data=2099292 ZI-data=161460  
FromELF: creating hex file...
After Build - User command #1: C:\Keil\ARM\ARMCC\bin\fromelf.exe --bin --output=Out Exe\ic.axf
After Build - User command #2: Run\ic.bat
".\Exe\ic.axf" - 0 Error(s), 0 Warning(s).

<h2>Software Packages used:</h2>

Package Vendor: ARM
                http://www.keil.com/pack/ARM.CMSIS.5.7.0.pack
                ARM.CMSIS.5.7.0
                CMSIS (Cortex Microcontroller Software Interface Standard)
   * Component: CORE Version: 5.4.0

Package Vendor: Keil
                http://www.keil.com/pack/Keil.STM32F7xx_DFP.2.14.0.pack
                Keil.STM32F7xx_DFP.2.14.0
                STMicroelectronics STM32F7 Series Device Support, Drivers and Examples

<h2>Collection of Component include folders:</h2>
  .\RTE\_IC
  C:\Users\Nermin\AppData\Local\Arm\Packs\ARM\CMSIS\5.7.0\CMSIS\Core\Include
  C:\Users\Nermin\AppData\Local\Arm\Packs\Keil\STM32F7xx_DFP\2.14.0\Drivers\CMSIS\Device\ST\STM32F7xx\Include

<h2>Collection of Component Files used:</h2>

   * Component: ARM::CMSIS:CORE:5.4.0
Build Time Elapsed:  00:00:06
</pre>
</body>
</html>
